#-----------------------------------------------------------
# Vivado v2024.2.2 (64-bit)
# SW Build 6060944 on Thu Mar 06 19:10:01 MST 2025
# IP Build 6050500 on Thu Mar  6 23:33:39 MST 2025
# SharedData Build 6060542 on Thu Mar 06 10:31:07 MST 2025
# Start of session at: Mon Jun 30 15:10:15 2025
# Process ID         : 19700
# Current directory  : E:/final_prj/final_prj_pl/final_prj_pl.runs/I2C_test_vio_synth_1
# Command line       : vivado.exe -log I2C_test_vio.vds -product Vivado -mode batch -messageDb vivado.pb -notrace -source I2C_test_vio.tcl
# Log file           : E:/final_prj/final_prj_pl/final_prj_pl.runs/I2C_test_vio_synth_1/I2C_test_vio.vds
# Journal file       : E:/final_prj/final_prj_pl/final_prj_pl.runs/I2C_test_vio_synth_1\vivado.jou
# Running On         : LAPTOP-VEGJAO5A
# Platform           : Windows Server 2016 or Windows 10
# Operating System   : 26100
# Processor Detail   : Intel(R) Core(TM) i9-14900HX
# CPU Frequency      : 2419 MHz
# CPU Physical cores : 24
# CPU Logical cores  : 32
# Host memory        : 102673 MB
# Swap memory        : 6442 MB
# Total Virtual      : 109116 MB
# Available Virtual  : 80411 MB
#-----------------------------------------------------------
source I2C_test_vio.tcl -notrace
